09:57:27 **** Auto Build of configuration Debug for project ME0 ****
make all 
'Building file: ../src/echo2.c'
'Invoking: MicroBlaze gcc compiler'
mb-gcc -Wall -O0 -g3 -c -fmessage-length=0 -MT"src/echo2.o" -I../../ME0_bsp/microblaze_0/include -mlittle-endian -mxl-barrel-shift -mxl-pattern-compare -mno-xl-soft-div -mcpu=v10.0 -mno-xl-soft-mul -mxl-multiply-high -mhard-float -mxl-float-convert -mxl-float-sqrt -Wl,--no-relax -ffunction-sections -fdata-sections -MMD -MP -MF"src/echo2.d" -MT"src/echo2.o" -o "src/echo2.o" "../src/echo2.c"
../src/echo2.c: In function 'BIST':
../src/echo2.c:263:18: warning: unknown escape sequence: '\L'
       xil_printf("\n\LAST VALUE OF COUNT = %d \n\r", BIST_cnt);
                  ^~~~~~~~~~~~~~~~~~~~~~~~~~~~~~~~~~
../src/echo2.c:269:14: warning: unknown escape sequence: '\c'
   xil_printf("\n\current value after a rest  = %d \n\r", BIST_cnt);
              ^~~~~~~~~~~~~~~~~~~~~~~~~~~~~~~~~~~~~~~~~~
../src/echo2.c:270:14: warning: unknown escape sequence: '\s'
   xil_printf("\n\starting test \n\r");
              ^~~~~~~~~~~~~~~~~~~~~~~
../src/echo2.c:296:14: warning: unknown escape sequence: '\F'
   xil_printf("\n\Final value BIST cycles  = %d , test finished\n\r", BIST_cnt);
              ^~~~~~~~~~~~~~~~~~~~~~~~~~~~~~~~~~~~~~~~~~~~~~~~~~~~~~
../src/echo2.c: In function 'ext_reset':
../src/echo2.c:339:15: warning: passing argument 2 of 'SendReply' discards 'volatile' qualifier from pointer target type [-Wdiscarded-qualifiers]
  SendReply(sd,DestinationBuffer,4);
               ^~~~~~~~~~~~~~~~~
../src/echo2.c:148:6: note: expected 'u32 * {aka long unsigned int *}' but argument is of type 'volatile u32 * {aka volatile long unsigned int *}'
 void SendReply(int sd,u32 *Buffer, u32 length);
      ^~~~~~~~~
../src/echo2.c:322:6: warning: variable 'ack' set but not used [-Wunused-but-set-variable]
  u32 ack;
      ^~~
../src/echo2.c: In function 'assert_reset':
../src/echo2.c:351:3: warning: implicit declaration of function 'usleep' [-Wimplicit-function-declaration]
   usleep(10000);
   ^~~~~~
../src/echo2.c: In function 'send_sync_command':
../src/echo2.c:490:38: warning: passing argument 2 of 'RxReceive' discards 'volatile' qualifier from pointer target type [-Wdiscarded-qualifiers]
   Rcv_len = RxReceive(&FifoInstance, DestinationBuffer,0);
                                      ^~~~~~~~~~~~~~~~~
../src/echo2.c:120:5: note: expected 'u32 * {aka long unsigned int *}' but argument is of type 'volatile u32 * {aka volatile long unsigned int *}'
 u32 RxReceive(XLlFifo *InstancePtr, u32 *DestinationAddr,u8 verbose_mode);
     ^~~~~~~~~
../src/echo2.c:518:16: warning: passing argument 2 of 'SendReply' discards 'volatile' qualifier from pointer target type [-Wdiscarded-qualifiers]
   SendReply(sd,(DestinationBuffer+j),4);
                ^
../src/echo2.c:148:6: note: expected 'u32 * {aka long unsigned int *}' but argument is of type 'volatile u32 * {aka volatile long unsigned int *}'
 void SendReply(int sd,u32 *Buffer, u32 length);
      ^~~~~~~~~
../src/echo2.c:427:6: warning: variable 'Error' set but not used [-Wunused-but-set-variable]
  int Error;
      ^~~~~
../src/echo2.c: In function 'Receive_fast_command':
../src/echo2.c:556:37: warning: passing argument 2 of 'RxReceive' discards 'volatile' qualifier from pointer target type [-Wdiscarded-qualifiers]
  Rcv_len = RxReceive(&FifoInstance, DestinationBuffer,verbose_mode);
                                     ^~~~~~~~~~~~~~~~~
../src/echo2.c:120:5: note: expected 'u32 * {aka long unsigned int *}' but argument is of type 'volatile u32 * {aka volatile long unsigned int *}'
 u32 RxReceive(XLlFifo *InstancePtr, u32 *DestinationAddr,u8 verbose_mode);
     ^~~~~~~~~
../src/echo2.c: In function 'send_Calpulse_LV1As':
../src/echo2.c:712:6: warning: variable 'Status' set but not used [-Wunused-but-set-variable]
  int Status;
      ^~~~~~
In file included from ../src/echo2.c:45:0:
../src/echo2.c: In function 'Initialize_everything':
../../ME0_bsp/microblaze_0/include/xstatus.h:65:41: warning: 'return' with a value, in function returning void
 #define XST_FAILURE                     1L
                                         ^
../src/echo2.c:777:11: note: in expansion of macro 'XST_FAILURE'
    return XST_FAILURE;
           ^~~~~~~~~~~
../src/echo2.c:763:6: note: declared here
 void Initialize_everything()
      ^~~~~~~~~~~~~~~~~~~~~
In file included from ../src/echo2.c:45:0:
../../ME0_bsp/microblaze_0/include/xstatus.h:64:41: warning: 'return' with a value, in function returning void
 #define XST_SUCCESS                     0L
                                         ^
../src/echo2.c:811:8: note: in expansion of macro 'XST_SUCCESS'
 return XST_SUCCESS;
        ^~~~~~~~~~~
../src/echo2.c:763:6: note: declared here
 void Initialize_everything()
      ^~~~~~~~~~~~~~~~~~~~~
../src/echo2.c: In function 'decode_receive_packet':
../src/echo2.c:859:70: warning: passing argument 4 of 'read_SC' discards 'volatile' qualifier from pointer target type [-Wdiscarded-qualifiers]
            read_data=read_SC( GBL_CFG_RUN, register_data, SourceAddr,DestinationBuffer,verbose_mode );
                                                                      ^~~~~~~~~~~~~~~~~
../src/echo2.c:151:5: note: expected 'u32 * {aka long unsigned int *}' but argument is of type 'volatile u32 * {aka volatile long unsigned int *}'
 u32 read_SC( u32 address, u32 data, u32* SourceAddr,u32* DestinationBuffer, u8 verbose_mode );
     ^~~~~~~
../src/echo2.c:861:55: warning: passing argument 4 of 'write_SC' discards 'volatile' qualifier from pointer target type [-Wdiscarded-qualifiers]
      write_SC( GBL_CFG_RUN, register_data, SourceAddr,DestinationBuffer,verbose_mode );
                                                       ^~~~~~~~~~~~~~~~~
../src/echo2.c:150:6: note: expected 'u32 * {aka long unsigned int *}' but argument is of type 'volatile u32 * {aka volatile long unsigned int *}'
 void write_SC( u32 address, u32 data, u32* SourceAddr,u32* DestinationBuffer, u8 verbose_mode );
      ^~~~~~~~
../src/echo2.c:866:17: warning: passing argument 1 of 'Print_Buffer' discards 'volatile' qualifier from pointer target type [-Wdiscarded-qualifiers]
   Print_Buffer( DestinationBuffer,Rcv_length, string );
                 ^~~~~~~~~~~~~~~~~
../src/echo2.c:588:6: note: expected 'u32 * {aka long unsigned int *}' but argument is of type 'volatile u32 * {aka volatile long unsigned int *}'
 void Print_Buffer(u32 *Buffer , int length ,char *string)
      ^~~~~~~~~~~~
../src/echo2.c:867:16: warning: passing argument 2 of 'SendReply' discards 'volatile' qualifier from pointer target type [-Wdiscarded-qualifiers]
   SendReply(sd,DestinationBuffer,Rcv_length*4);
                ^~~~~~~~~~~~~~~~~
../src/echo2.c:148:6: note: expected 'u32 * {aka long unsigned int *}' but argument is of type 'volatile u32 * {aka volatile long unsigned int *}'
 void SendReply(int sd,u32 *Buffer, u32 length);
      ^~~~~~~~~
../src/echo2.c:899:68: warning: passing argument 4 of 'read_SC' discards 'volatile' qualifier from pointer target type [-Wdiscarded-qualifiers]
   Read_data = read_SC( register_address, register_data, SourceAddr,DestinationBuffer, verbose_mode );
                                                                    ^~~~~~~~~~~~~~~~~
../src/echo2.c:151:5: note: expected 'u32 * {aka long unsigned int *}' but argument is of type 'volatile u32 * {aka volatile long unsigned int *}'
 u32 read_SC( u32 address, u32 data, u32* SourceAddr,u32* DestinationBuffer, u8 verbose_mode );
     ^~~~~~~
../src/echo2.c:900:75: warning: passing argument 4 of 'write_SC' discards 'volatile' qualifier from pointer target type [-Wdiscarded-qualifiers]
   else if(mode ==1) write_SC( register_address, register_data, SourceAddr,DestinationBuffer,verbose_mode );
                                                                           ^~~~~~~~~~~~~~~~~
../src/echo2.c:150:6: note: expected 'u32 * {aka long unsigned int *}' but argument is of type 'volatile u32 * {aka volatile long unsigned int *}'
 void write_SC( u32 address, u32 data, u32* SourceAddr,u32* DestinationBuffer, u8 verbose_mode );
      ^~~~~~~~
../src/echo2.c:901:17: warning: passing argument 2 of 'SendReply' discards 'volatile' qualifier from pointer target type [-Wdiscarded-qualifiers]
   SendReply(sd, DestinationBuffer,3 * 4);
                 ^~~~~~~~~~~~~~~~~
../src/echo2.c:148:6: note: expected 'u32 * {aka long unsigned int *}' but argument is of type 'volatile u32 * {aka volatile long unsigned int *}'
 void SendReply(int sd,u32 *Buffer, u32 length);
      ^~~~~~~~~
../src/echo2.c:954:28: warning: passing argument 2 of 'AdjustIref' discards 'volatile' qualifier from pointer target type [-Wdiscarded-qualifiers]
      AdjustIref(SourceAddr,DestinationBuffer,sd);
                            ^~~~~~~~~~~~~~~~~
../src/echo2.c:137:5: note: expected 'u32 * {aka long unsigned int *}' but argument is of type 'volatile u32 * {aka volatile long unsigned int *}'
 u16 AdjustIref(u32 *SourceAddr,u32 *DestinationBuffer,int sd);
     ^~~~~~~~~~
../src/echo2.c:972:39: warning: passing argument 2 of 'CalibrateADC' discards 'volatile' qualifier from pointer target type [-Wdiscarded-qualifiers]
               CalibrateADC(SourceAddr,DestinationBuffer,sd,start,step , stop,0);
                                       ^~~~~~~~~~~~~~~~~
../src/echo2.c:129:5: note: expected 'u32 * {aka long unsigned int *}' but argument is of type 'volatile u32 * {aka volatile long unsigned int *}'
 int CalibrateADC(u32 *SourceAddr,u32 *DestinationBuffer,int sd,u8 start,u8 step , u8 stop,u8 calibration_mode);
     ^~~~~~~~~~~~
../src/echo2.c:995:36: warning: passing argument 2 of 'CalibrateCAL_DAC' discards 'volatile' qualifier from pointer target type [-Wdiscarded-qualifiers]
        CalibrateCAL_DAC(SourceAddr,DestinationBuffer,sd,start,step,stop,0);
                                    ^~~~~~~~~~~~~~~~~
../src/echo2.c:131:5: note: expected 'u32 * {aka long unsigned int *}' but argument is of type 'volatile u32 * {aka volatile long unsigned int *}'
 int CalibrateCAL_DAC(u32 *SourceAddr,u32 *DestinationBuffer,int sd,u8 start,u8 step , u8 stop,u8 calibration_mode);
     ^~~~~~~~~~~~~~~~
../src/echo2.c:1020:30: warning: passing argument 2 of 'DAC_SCANS' discards 'volatile' qualifier from pointer target type [-Wdiscarded-qualifiers]
         DAC_SCANS(SourceAddr,DestinationBuffer,sd,mon_sel,start,step,stop);
                              ^~~~~~~~~~~~~~~~~
../src/echo2.c:144:5: note: expected 'u32 * {aka long unsigned int *}' but argument is of type 'volatile u32 * {aka volatile long unsigned int *}'
 int DAC_SCANS(u32 *SourceAddr,u32 *DestinationBuffer,int sd,u32 Mon_sel, u8 start,u8 step , u8 stop);
     ^~~~~~~~~
../src/echo2.c:1043:40: warning: passing argument 2 of 'DAC_SCANS_extended' discards 'volatile' qualifier from pointer target type [-Wdiscarded-qualifiers]
          DAC_SCANS_extended(SourceAddr,DestinationBuffer,sd,mon_sel,start,step,stop);
                                        ^~~~~~~~~~~~~~~~~
../src/echo2.c:161:5: note: expected 'u32 * {aka long unsigned int *}' but argument is of type 'volatile u32 * {aka volatile long unsigned int *}'
 int DAC_SCANS_extended (u32 *SourceAddr,u32 *DestinationBuffer,int sd,u32 Mon_sel, u8 start,u8 step , u8 stop);
     ^~~~~~~~~~~~~~~~~~
../src/echo2.c:1081:26: warning: passing argument 2 of 'Scurve' discards 'volatile' qualifier from pointer target type [-Wdiscarded-qualifiers]
        Scurve(SourceAddr,DestinationBuffer,start_channel,stop_channel,step_channel,start_CALDAC,stop_CALDAC,step_CALDAC,Latency,num_of_triggers,sd,arm_dac,delay,D1,D2);
                          ^~~~~~~~~~~~~~~~~
../src/echo2.c:141:5: note: expected 'u32 * {aka long unsigned int *}' but argument is of type 'volatile u32 * {aka volatile long unsigned int *}'
 int Scurve(u32 *SourceAddr,u32 *DestinationBuffer,u8 start_channel,u8 stop_channel, u8 step_channel,u8 start_CALDAC,u8 stop_CALDAC,u8 step_CALDAC,u16 Latency, u16 num_of_triggers,int sd,u8 arm_dac,u8 delay,u16 D1,u16 D2);
     ^~~~~~
../src/echo2.c:1117:43: warning: passing argument 2 of 'CalibrateCAL_DAC_extended' discards 'volatile' qualifier from pointer target type [-Wdiscarded-qualifiers]
      CalibrateCAL_DAC_extended(SourceAddr,DestinationBuffer,sd,start,step,stop,0);
                                           ^~~~~~~~~~~~~~~~~
../src/echo2.c:132:5: note: expected 'u32 * {aka long unsigned int *}' but argument is of type 'volatile u32 * {aka volatile long unsigned int *}'
 int CalibrateCAL_DAC_extended(u32 *SourceAddr,u32 *DestinationBuffer,int sd, u8 start,u8 step , u8 stop,u8 calibration_mode);
     ^~~~~~~~~~~~~~~~~~~~~~~~~
../src/echo2.c:1165:36: warning: passing argument 2 of 'Scurve_extended' discards 'volatile' qualifier from pointer target type [-Wdiscarded-qualifiers]
         Scurve_extended(SourceAddr,DestinationBuffer,start_channel,stop_channel,step_channel,Latency,num_of_triggers,sd,arm_dac,delay,D1,D2,array_size,dac_arr,calpulse);
                                    ^~~~~~~~~~~~~~~~~
../src/echo2.c:142:5: note: expected 'u32 * {aka long unsigned int *}' but argument is of type 'volatile u32 * {aka volatile long unsigned int *}'
 int Scurve_extended(u32 *SourceAddr,u32 *DestinationBuffer, u8 start_channel,u8 stop_channel, u8 step_channel,u16 Latency, u16 num_of_triggers,int sd,u8 arm_dac,u8 delay,u16 D1,u16 D2,u8 points,u8 *dac_arr,u8 calpulse);
     ^~~~~~~~~~~~~~~
../src/echo2.c:1176:36: warning: passing argument 2 of 'Set_front_end_Nominal' discards 'volatile' qualifier from pointer target type [-Wdiscarded-qualifiers]
   Set_front_end_Nominal(SourceAddr,DestinationBuffer);
                                    ^~~~~~~~~~~~~~~~~
../src/echo2.c:156:6: note: expected 'u32 * {aka long unsigned int *}' but argument is of type 'volatile u32 * {aka volatile long unsigned int *}'
 void Set_front_end_Nominal(u32 *SourceAddr,u32 *DestinationBuffer);
      ^~~~~~~~~~~~~~~~~~~~~
../src/echo2.c:1189:28: warning: passing argument 2 of 'Set_front_end' discards 'volatile' qualifier from pointer target type [-Wdiscarded-qualifiers]
   Set_front_end(SourceAddr,DestinationBuffer,*(recv_buf+3),*(recv_buf+4),*(recv_buf+5),*(recv_buf+6),*(recv_buf+7),*(recv_buf+2),*(recv_buf+2),*(recv_buf+2),*(recv_buf+2));
                            ^~~~~~~~~~~~~~~~~
../src/echo2.c:157:6: note: expected 'u32 * {aka long unsigned int *}' but argument is of type 'volatile u32 * {aka volatile long unsigned int *}'
 void Set_front_end(u32 *SourceAddr,u32 *DestinationBuffer,u8 PRE_I_BLCC_reg,u8 PRE_VREF_reg,u8 PRE_I_BSF_reg,u8 PRE_I_BIT_reg,u8 SH_I_BFCAS_reg,u8 SH_I_BDIFF_reg,u8 SD_I_BDIFF_reg,u8 SD_I_BSF_reg,u8 SD_I_BFCAS_reg);
      ^~~~~~~~~~~~~
../src/echo2.c:1256:65: warning: passing argument 4 of 'read_SC' discards 'volatile' qualifier from pointer target type [-Wdiscarded-qualifiers]
            read_SC( register_address, register_data, SourceAddr,DestinationBuffer, verbose_mode );
                                                                 ^~~~~~~~~~~~~~~~~
../src/echo2.c:151:5: note: expected 'u32 * {aka long unsigned int *}' but argument is of type 'volatile u32 * {aka volatile long unsigned int *}'
 u32 read_SC( u32 address, u32 data, u32* SourceAddr,u32* DestinationBuffer, u8 verbose_mode );
     ^~~~~~~
../src/echo2.c:1230:8: warning: variable 'mode' set but not used [-Wunused-but-set-variable]
     u8 mode=0;
        ^~~~
../src/echo2.c:1306:22: warning: pointer targets in passing argument 2 of 'SendReply' differ in signedness [-Wpointer-sign]
        SendReply(sd, &sc_crc_error_count,1 * 4);
                      ^
../src/echo2.c:148:6: note: expected 'u32 * {aka long unsigned int *}' but argument is of type 'long int *'
 void SendReply(int sd,u32 *Buffer, u32 length);
      ^~~~~~~~~
../src/echo2.c:1324:20: warning: passing argument 2 of 'SendReply' discards 'volatile' qualifier from pointer target type [-Wdiscarded-qualifiers]
       SendReply(sd,DestinationBuffer,Rcv_length*WORD_SIZE);
                    ^~~~~~~~~~~~~~~~~
../src/echo2.c:148:6: note: expected 'u32 * {aka long unsigned int *}' but argument is of type 'volatile u32 * {aka volatile long unsigned int *}'
 void SendReply(int sd,u32 *Buffer, u32 length);
      ^~~~~~~~~
../src/echo2.c:1332:64: warning: passing argument 4 of 'read_SC' discards 'volatile' qualifier from pointer target type [-Wdiscarded-qualifiers]
      read_data=read_SC( GBL_CFG_RUN, register_data, SourceAddr,DestinationBuffer,verbose_mode );
                                                                ^~~~~~~~~~~~~~~~~
../src/echo2.c:151:5: note: expected 'u32 * {aka long unsigned int *}' but argument is of type 'volatile u32 * {aka volatile long unsigned int *}'
 u32 read_SC( u32 address, u32 data, u32* SourceAddr,u32* DestinationBuffer, u8 verbose_mode );
     ^~~~~~~
../src/echo2.c:1335:61: warning: passing argument 4 of 'write_SC' discards 'volatile' qualifier from pointer target type [-Wdiscarded-qualifiers]
            write_SC( GBL_CFG_RUN, register_data, SourceAddr,DestinationBuffer,verbose_mode );
                                                             ^~~~~~~~~~~~~~~~~
../src/echo2.c:150:6: note: expected 'u32 * {aka long unsigned int *}' but argument is of type 'volatile u32 * {aka volatile long unsigned int *}'
 void write_SC( u32 address, u32 data, u32* SourceAddr,u32* DestinationBuffer, u8 verbose_mode );
      ^~~~~~~~
../src/echo2.c:1343:74: warning: passing argument 4 of 'read_SC' discards 'volatile' qualifier from pointer target type [-Wdiscarded-qualifiers]
            read_data = read_SC( GBL_CFG_CAL_0, register_data, SourceAddr,DestinationBuffer,verbose_mode );
                                                                          ^~~~~~~~~~~~~~~~~
../src/echo2.c:151:5: note: expected 'u32 * {aka long unsigned int *}' but argument is of type 'volatile u32 * {aka volatile long unsigned int *}'
 u32 read_SC( u32 address, u32 data, u32* SourceAddr,u32* DestinationBuffer, u8 verbose_mode );
     ^~~~~~~
../src/echo2.c:1345:63: warning: passing argument 4 of 'write_SC' discards 'volatile' qualifier from pointer target type [-Wdiscarded-qualifiers]
            write_SC( GBL_CFG_CAL_0, register_data, SourceAddr,DestinationBuffer,verbose_mode );
                                                               ^~~~~~~~~~~~~~~~~
../src/echo2.c:150:6: note: expected 'u32 * {aka long unsigned int *}' but argument is of type 'volatile u32 * {aka volatile long unsigned int *}'
 void write_SC( u32 address, u32 data, u32* SourceAddr,u32* DestinationBuffer, u8 verbose_mode );
      ^~~~~~~~
../src/echo2.c:1350:68: warning: passing argument 4 of 'read_SC' discards 'volatile' qualifier from pointer target type [-Wdiscarded-qualifiers]
        read_data=read_SC( GBL_CFG_CTR_3, register_data, SourceAddr,DestinationBuffer,verbose_mode );
                                                                    ^~~~~~~~~~~~~~~~~
../src/echo2.c:151:5: note: expected 'u32 * {aka long unsigned int *}' but argument is of type 'volatile u32 * {aka volatile long unsigned int *}'
 u32 read_SC( u32 address, u32 data, u32* SourceAddr,u32* DestinationBuffer, u8 verbose_mode );
     ^~~~~~~
../src/echo2.c:1352:59: warning: passing argument 4 of 'write_SC' discards 'volatile' qualifier from pointer target type [-Wdiscarded-qualifiers]
        write_SC( GBL_CFG_CTR_3, register_data, SourceAddr,DestinationBuffer,verbose_mode );
                                                           ^~~~~~~~~~~~~~~~~
../src/echo2.c:150:6: note: expected 'u32 * {aka long unsigned int *}' but argument is of type 'volatile u32 * {aka volatile long unsigned int *}'
 void write_SC( u32 address, u32 data, u32* SourceAddr,u32* DestinationBuffer, u8 verbose_mode );
      ^~~~~~~~
../src/echo2.c:1364:53: warning: passing argument 4 of 'write_SC' discards 'volatile' qualifier from pointer target type [-Wdiscarded-qualifiers]
       write_SC(GBL_CFG_LAT ,Latency_soft,SourceAddr,DestinationBuffer,verbose_mode);
                                                     ^~~~~~~~~~~~~~~~~
../src/echo2.c:150:6: note: expected 'u32 * {aka long unsigned int *}' but argument is of type 'volatile u32 * {aka volatile long unsigned int *}'
 void write_SC( u32 address, u32 data, u32* SourceAddr,u32* DestinationBuffer, u8 verbose_mode );
      ^~~~~~~~
../src/echo2.c:1396:18: warning: passing argument 2 of 'SendReply' discards 'volatile' qualifier from pointer target type [-Wdiscarded-qualifiers]
     SendReply(sd,DestinationBuffer,Rcv_length*WORD_SIZE);
                  ^~~~~~~~~~~~~~~~~
../src/echo2.c:148:6: note: expected 'u32 * {aka long unsigned int *}' but argument is of type 'volatile u32 * {aka volatile long unsigned int *}'
 void SendReply(int sd,u32 *Buffer, u32 length);
      ^~~~~~~~~
../src/echo2.c:1431:20: warning: passing argument 2 of 'SendReply' discards 'volatile' qualifier from pointer target type [-Wdiscarded-qualifiers]
       SendReply(sd,DestinationBuffer,Rcv_length*WORD_SIZE);
                    ^~~~~~~~~~~~~~~~~
../src/echo2.c:148:6: note: expected 'u32 * {aka long unsigned int *}' but argument is of type 'volatile u32 * {aka volatile long unsigned int *}'
 void SendReply(int sd,u32 *Buffer, u32 length);
      ^~~~~~~~~
../src/echo2.c:1446:42: warning: passing argument 3 of 'set_trigger_controller' discards 'volatile' qualifier from pointer target type [-Wdiscarded-qualifiers]
    set_trigger_controller(sd, SourceAddr,DestinationBuffer,reg4,reg3,reg2,reg1,tap_trigger);
                                          ^~~~~~~~~~~~~~~~~
../src/echo2.c:162:6: note: expected 'u32 * {aka long unsigned int *}' but argument is of type 'volatile u32 * {aka volatile long unsigned int *}'
 void set_trigger_controller(int sd,u32 *SourceAddr,u32 *DestinationBuffer,u32 ,u32,u32, u32,u16);
      ^~~~~~~~~~~~~~~~~~~~~~
../src/echo2.c:1454:41: warning: passing argument 3 of 'Set_trigger_DPA_taps' discards 'volatile' qualifier from pointer target type [-Wdiscarded-qualifiers]
      Set_trigger_DPA_taps(sd,SourceAddr,DestinationBuffer);
                                         ^~~~~~~~~~~~~~~~~
../src/echo2.c:164:6: note: expected 'u32 * {aka long unsigned int *}' but argument is of type 'volatile u32 * {aka volatile long unsigned int *}'
 void Set_trigger_DPA_taps(int sd,u32 *SourceAddr,u32 *DestinationBuffer);
      ^~~~~~~~~~~~~~~~~~~~
../src/echo2.c:833:16: warning: unused variable 'crc' [-Wunused-variable]
   unsigned int crc;
                ^~~
../src/echo2.c:831:7: warning: unused variable 'data_crc' [-Wunused-variable]
  char data_crc[]={0x00,0x03,0x1f,0x06,0x01,0x20,0x81,0x00,0x00,0x00,0x07,0x20,0x00,0x00};
       ^~~~~~~~
../src/echo2.c: In function 'Initialize_fifo':
../src/echo2.c:1486:7: warning: unused variable 'Error' [-Wunused-variable]
   int Error;
       ^~~~~
../src/echo2.c:1485:7: warning: unused variable 'i' [-Wunused-variable]
   int i;
       ^
../src/echo2.c: In function 'RxReceive':
../src/echo2.c:1524:6: warning: unused variable 'Status' [-Wunused-variable]
  int Status;
      ^~~~~~
../src/echo2.c: In function 'XLlFifoPollingExample':
../src/echo2.c:1567:44: warning: passing argument 2 of 'RxReceive' discards 'volatile' qualifier from pointer target type [-Wdiscarded-qualifiers]
   ReceiveLength = RxReceive(&FifoInstance, DestinationBuffer,verbose_mode);
                                            ^~~~~~~~~~~~~~~~~
../src/echo2.c:1520:5: note: expected 'u32 * {aka long unsigned int *}' but argument is of type 'volatile u32 * {aka volatile long unsigned int *}'
 u32 RxReceive (XLlFifo *InstancePtr, u32* DestinationAddr,u8 verbose_mode)
     ^~~~~~~~~
../src/echo2.c:1556:6: warning: variable 'Error' set but not used [-Wunused-but-set-variable]
  int Error;
      ^~~~~
../src/echo2.c:1555:6: warning: unused variable 'i' [-Wunused-variable]
  int i;
      ^
../src/echo2.c:1552:18: warning: unused variable 'Config' [-Wunused-variable]
  XLlFifo_Config *Config;
                  ^~~~~~
../src/echo2.c: In function 'TxSend':
../src/echo2.c:1597:6: warning: unused variable 'j' [-Wunused-variable]
  u32 j;
      ^
../src/echo2.c:1596:6: warning: unused variable 'i' [-Wunused-variable]
  u32 i;
      ^
In file included from ../src/echo2.c:45:0:
../src/echo2.c: In function 'check_fifo':
../../ME0_bsp/microblaze_0/include/xstatus.h:65:41: warning: 'return' with a value, in function returning void
 #define XST_FAILURE                     1L
                                         ^
../src/echo2.c:1650:10: note: in expansion of macro 'XST_FAILURE'
   return XST_FAILURE;
          ^~~~~~~~~~~
../src/echo2.c:1641:6: note: declared here
 void check_fifo(u32  *SourceAddr,u32 data_len,u8 verbose_mode)
      ^~~~~~~~~~
In file included from ../src/echo2.c:45:0:
../../ME0_bsp/microblaze_0/include/xstatus.h:64:41: warning: 'return' with a value, in function returning void
 #define XST_SUCCESS                     0L
                                         ^
../src/echo2.c:1653:9: note: in expansion of macro 'XST_SUCCESS'
  return XST_SUCCESS;
         ^~~~~~~~~~~
../src/echo2.c:1641:6: note: declared here
 void check_fifo(u32  *SourceAddr,u32 data_len,u8 verbose_mode)
      ^~~~~~~~~~
../src/echo2.c:1644:5: warning: unused variable 'i' [-Wunused-variable]
 u32 i;
     ^
../src/echo2.c: At top level:
../src/echo2.c:1685:9: warning: type defaults to 'int' in declaration of 'crc_ok' [-Wimplicit-int]
 extern  crc_ok;
         ^~~~~~
../src/echo2.c: In function 'HDLC_Rx':
../src/echo2.c:1743:43: warning: passing argument 2 of 'RxReceive' discards 'volatile' qualifier from pointer target type [-Wdiscarded-qualifiers]
  ReceiveLength = RxReceive(&FifoInstance, DestinationBuffer,verbose_mode);
                                           ^~~~~~~~~~~~~~~~~
../src/echo2.c:1520:5: note: expected 'u32 * {aka long unsigned int *}' but argument is of type 'volatile u32 * {aka volatile long unsigned int *}'
 u32 RxReceive (XLlFifo *InstancePtr, u32* DestinationAddr,u8 verbose_mode)
     ^~~~~~~~~
../src/echo2.c:2175:49: warning: pointer targets in passing argument 1 of 'crc16' differ in signedness [-Wpointer-sign]
                           crc_calculated= crc16(rcv_arr,k+1);
                                                 ^~~~~~~
../src/echo2.c:1687:14: note: expected 'char *' but argument is of type 'u8 * {aka unsigned char *}'
 unsigned int crc16(char *data_p, unsigned short length)
              ^~~~~
../src/echo2.c:1731:4: warning: unused variable 'type_id' [-Wunused-variable]
 u8 type_id=0xaa;
    ^~~~~~~
../src/echo2.c:1725:5: warning: unused variable 'hdlc_control' [-Wunused-variable]
  u8 hdlc_control = 0xff;
     ^~~~~~~~~~~~
../src/echo2.c:1724:5: warning: unused variable 'hdlc_address' [-Wunused-variable]
  u8 hdlc_address = 0xff;
     ^~~~~~~~~~~~
../src/echo2.c: In function 'ReadADC':
../src/echo2.c:2267:12: warning: variable 'status' set but not used [-Wunused-but-set-variable]
  unsigned  status;
            ^~~~~~
../src/echo2.c: In function 'AdjustIref':
../src/echo2.c:2406:15: warning: passing argument 2 of 'SendReply' from incompatible pointer type [-Wincompatible-pointer-types]
  SendReply(sd,LUT_CAL_DAC,4);
               ^~~~~~~~~~~
../src/echo2.c:148:6: note: expected 'u32 * {aka long unsigned int *}' but argument is of type 'short int *'
 void SendReply(int sd,u32 *Buffer, u32 length);
      ^~~~~~~~~
../src/echo2.c:2416:16: warning: passing argument 2 of 'SendReply' from incompatible pointer type [-Wincompatible-pointer-types]
   SendReply(sd,LUT_CAL_DAC,4);
                ^~~~~~~~~~~
../src/echo2.c:148:6: note: expected 'u32 * {aka long unsigned int *}' but argument is of type 'short int *'
 void SendReply(int sd,u32 *Buffer, u32 length);
      ^~~~~~~~~
../src/echo2.c:2328:5: warning: unused variable 'mode' [-Wunused-variable]
  u8 mode=0;
     ^~~~
../src/echo2.c: In function 'CalibrateADC':
../src/echo2.c:2496:19: warning: passing argument 2 of 'SendReply' from incompatible pointer type [-Wincompatible-pointer-types]
      SendReply(sd,LUT_CAL_DAC,i*2);
                   ^~~~~~~~~~~
../src/echo2.c:148:6: note: expected 'u32 * {aka long unsigned int *}' but argument is of type 'short int *'
 void SendReply(int sd,u32 *Buffer, u32 length);
      ^~~~~~~~~
../src/echo2.c: In function 'CalibrateCAL_DAC':
../src/echo2.c:2595:38: warning: suggest parentheses around arithmetic in operand of '|' [-Wparentheses]
       register_data  =  (u32)(0xFC03 & read_data | ((u32)CAL_DAC<<2));
                               ~~~~~~~^~~~~~~~~~~
../src/echo2.c:2603:19: warning: passing argument 2 of 'SendReply' from incompatible pointer type [-Wincompatible-pointer-types]
      SendReply(sd,BV,2);
                   ^~
../src/echo2.c:148:6: note: expected 'u32 * {aka long unsigned int *}' but argument is of type 'u16 * {aka short unsigned int *}'
 void SendReply(int sd,u32 *Buffer, u32 length);
      ^~~~~~~~~
../src/echo2.c:2604:19: warning: passing argument 2 of 'SendReply' from incompatible pointer type [-Wincompatible-pointer-types]
      SendReply(sd,LUT_CAL_DAC,i*2);
                   ^~~~~~~~~~~
../src/echo2.c:148:6: note: expected 'u32 * {aka long unsigned int *}' but argument is of type 'short int *'
 void SendReply(int sd,u32 *Buffer, u32 length);
      ^~~~~~~~~
../src/echo2.c:2525:36: warning: unused variable 'charge' [-Wunused-variable]
  double step_voltage, base_voltage,charge = 0;
                                    ^~~~~~
../src/echo2.c:2525:23: warning: unused variable 'base_voltage' [-Wunused-variable]
  double step_voltage, base_voltage,charge = 0;
                       ^~~~~~~~~~~~
../src/echo2.c:2525:9: warning: unused variable 'step_voltage' [-Wunused-variable]
  double step_voltage, base_voltage,charge = 0;
         ^~~~~~~~~~~~
../src/echo2.c: In function 'CalibrateCAL_DAC_extended':
../src/echo2.c:2697:19: warning: passing argument 2 of 'SendReply' from incompatible pointer type [-Wincompatible-pointer-types]
      SendReply(sd,BV,2);
                   ^~
../src/echo2.c:148:6: note: expected 'u32 * {aka long unsigned int *}' but argument is of type 'u16 * {aka short unsigned int *}'
 void SendReply(int sd,u32 *Buffer, u32 length);
      ^~~~~~~~~
../src/echo2.c:2698:19: warning: passing argument 2 of 'SendReply' from incompatible pointer type [-Wincompatible-pointer-types]
      SendReply(sd,LUT_CAL_DAC,i*2);
                   ^~~~~~~~~~~
../src/echo2.c:148:6: note: expected 'u32 * {aka long unsigned int *}' but argument is of type 'short int *'
 void SendReply(int sd,u32 *Buffer, u32 length);
      ^~~~~~~~~
../src/echo2.c:2627:36: warning: unused variable 'charge' [-Wunused-variable]
  double step_voltage, base_voltage,charge = 0;
                                    ^~~~~~
../src/echo2.c:2627:23: warning: variable 'base_voltage' set but not used [-Wunused-but-set-variable]
  double step_voltage, base_voltage,charge = 0;
                       ^~~~~~~~~~~~
../src/echo2.c:2627:9: warning: unused variable 'step_voltage' [-Wunused-variable]
  double step_voltage, base_voltage,charge = 0;
         ^~~~~~~~~~~~
../src/echo2.c: In function 'DAC_SCANS':
../src/echo2.c:2956:19: warning: passing argument 2 of 'SendReply' from incompatible pointer type [-Wincompatible-pointer-types]
      SendReply(sd,LUT_CAL_DAC,i*2);
                   ^~~~~~~~~~~
../src/echo2.c:148:6: note: expected 'u32 * {aka long unsigned int *}' but argument is of type 'short int *'
 void SendReply(int sd,u32 *Buffer, u32 length);
      ^~~~~~~~~
../src/echo2.c:2728:36: warning: unused variable 'charge' [-Wunused-variable]
  double step_voltage, base_voltage,charge = 0;
                                    ^~~~~~
../src/echo2.c:2728:23: warning: unused variable 'base_voltage' [-Wunused-variable]
  double step_voltage, base_voltage,charge = 0;
                       ^~~~~~~~~~~~
../src/echo2.c:2728:9: warning: unused variable 'step_voltage' [-Wunused-variable]
  double step_voltage, base_voltage,charge = 0;
         ^~~~~~~~~~~~
../src/echo2.c:2722:5: warning: unused variable 'mode' [-Wunused-variable]
  u8 mode=0;
     ^~~~
../src/echo2.c: In function 'DAC_SCANS_extended':
../src/echo2.c:3212:19: warning: passing argument 2 of 'SendReply' from incompatible pointer type [-Wincompatible-pointer-types]
      SendReply(sd,LUT_CAL_DAC,i*2);
                   ^~~~~~~~~~~
../src/echo2.c:148:6: note: expected 'u32 * {aka long unsigned int *}' but argument is of type 'short int *'
 void SendReply(int sd,u32 *Buffer, u32 length);
      ^~~~~~~~~
../src/echo2.c:2986:36: warning: unused variable 'charge' [-Wunused-variable]
  double step_voltage, base_voltage,charge = 0;
                                    ^~~~~~
../src/echo2.c:2986:23: warning: unused variable 'base_voltage' [-Wunused-variable]
  double step_voltage, base_voltage,charge = 0;
                       ^~~~~~~~~~~~
../src/echo2.c:2986:9: warning: unused variable 'step_voltage' [-Wunused-variable]
  double step_voltage, base_voltage,charge = 0;
         ^~~~~~~~~~~~
../src/echo2.c:2980:5: warning: unused variable 'mode' [-Wunused-variable]
  u8 mode=0;
     ^~~~
../src/echo2.c: In function 'Scurve':
../src/echo2.c:3409:29: warning: passing argument 2 of 'SendReply' from incompatible pointer type [-Wincompatible-pointer-types]
                SendReply(sd,scurve_arr,length_scurve * 2);
                             ^~~~~~~~~~
../src/echo2.c:148:6: note: expected 'u32 * {aka long unsigned int *}' but argument is of type 'volatile u16 * {aka volatile short unsigned int *}'
 void SendReply(int sd,u32 *Buffer, u32 length);
      ^~~~~~~~~
../src/echo2.c:3233:5: warning: unused variable 'mode' [-Wunused-variable]
  u8 mode=0;
     ^~~~
../src/echo2.c:3230:6: warning: unused variable 'register_address' [-Wunused-variable]
  u32 register_address;
      ^~~~~~~~~~~~~~~~
../src/echo2.c: In function 'Scurve_extended':
../src/echo2.c:3508:29: warning: passing argument 2 of 'SendReply' from incompatible pointer type [-Wincompatible-pointer-types]
                SendReply(sd,scurve_arr,indexx * 2);
                             ^~~~~~~~~~
../src/echo2.c:148:6: note: expected 'u32 * {aka long unsigned int *}' but argument is of type 'volatile u16 * {aka volatile short unsigned int *}'
 void SendReply(int sd,u32 *Buffer, u32 length);
      ^~~~~~~~~
../src/echo2.c:3437:8: warning: unused variable 'v' [-Wunused-variable]
  int u,v;
        ^
../src/echo2.c:3437:6: warning: unused variable 'u' [-Wunused-variable]
  int u,v;
      ^
../src/echo2.c:3434:5: warning: unused variable 'mode' [-Wunused-variable]
  u8 mode=0;
     ^~~~
../src/echo2.c: In function 'DecodeDataPacket':
../src/echo2.c:3618:37: warning: passing argument 2 of 'RxReceive' discards 'volatile' qualifier from pointer target type [-Wdiscarded-qualifiers]
  Rcv_len = RxReceive(&FifoInstance, DestinationBuffer,verbose_mode);
                                     ^~~~~~~~~~~~~~~~~
../src/echo2.c:1520:5: note: expected 'u32 * {aka long unsigned int *}' but argument is of type 'volatile u32 * {aka volatile long unsigned int *}'
 u32 RxReceive (XLlFifo *InstancePtr, u32* DestinationAddr,u8 verbose_mode)
     ^~~~~~~~~
../src/echo2.c:3615:5: warning: unused variable 'PKT_LEN' [-Wunused-variable]
  u8 PKT_LEN=22;
     ^~~~~~~
../src/echo2.c:3613:5: warning: unused variable 'loop' [-Wunused-variable]
  u8 loop;
     ^~~~
../src/echo2.c:3612:5: warning: unused variable 'Header' [-Wunused-variable]
  u8 Header;
     ^~~~~~
../src/echo2.c: In function 'ReadIntTemp':
../src/echo2.c:3693:68: warning: passing argument 4 of 'read_SC' discards 'volatile' qualifier from pointer target type [-Wdiscarded-qualifiers]
          read_data=read_SC( GBL_CFG_RUN, register_data, SourceAddr,DestinationBuffer,0 );
                                                                    ^~~~~~~~~~~~~~~~~
../src/echo2.c:2211:5: note: expected 'u32 * {aka long unsigned int *}' but argument is of type 'volatile u32 * {aka volatile long unsigned int *}'
 u32 read_SC( u32 address, u32 data, u32* SourceAddr,u32* DestinationBuffer, u8 verbose_mode )
     ^~~~~~~
../src/echo2.c:3696:59: warning: passing argument 4 of 'write_SC' discards 'volatile' qualifier from pointer target type [-Wdiscarded-qualifiers]
          write_SC( GBL_CFG_RUN, register_data, SourceAddr,DestinationBuffer,0 );
                                                           ^~~~~~~~~~~~~~~~~
../src/echo2.c:2203:6: note: expected 'u32 * {aka long unsigned int *}' but argument is of type 'volatile u32 * {aka volatile long unsigned int *}'
 void write_SC( u32 address, u32 data, u32* SourceAddr,u32* DestinationBuffer, u8 verbose_mode )
      ^~~~~~~~
../src/echo2.c:3698:64: warning: passing argument 4 of 'read_SC' discards 'volatile' qualifier from pointer target type [-Wdiscarded-qualifiers]
  read_data = read_SC( GBL_CFG_CTR_4, register_data, SourceAddr,DestinationBuffer,0 );
                                                                ^~~~~~~~~~~~~~~~~
../src/echo2.c:2211:5: note: expected 'u32 * {aka long unsigned int *}' but argument is of type 'volatile u32 * {aka volatile long unsigned int *}'
 u32 read_SC( u32 address, u32 data, u32* SourceAddr,u32* DestinationBuffer, u8 verbose_mode )
     ^~~~~~~
../src/echo2.c:3702:53: warning: passing argument 4 of 'write_SC' discards 'volatile' qualifier from pointer target type [-Wdiscarded-qualifiers]
  write_SC( GBL_CFG_CTR_4, register_data, SourceAddr,DestinationBuffer,0 );
                                                     ^~~~~~~~~~~~~~~~~
../src/echo2.c:2203:6: note: expected 'u32 * {aka long unsigned int *}' but argument is of type 'volatile u32 * {aka volatile long unsigned int *}'
 void write_SC( u32 address, u32 data, u32* SourceAddr,u32* DestinationBuffer, u8 verbose_mode )
      ^~~~~~~~
../src/echo2.c:3706:20: warning: passing argument 2 of 'SendReply' from incompatible pointer type [-Wincompatible-pointer-types]
       SendReply(sd,BV,2);
                    ^~
../src/echo2.c:148:6: note: expected 'u32 * {aka long unsigned int *}' but argument is of type 'u16 * {aka short unsigned int *}'
 void SendReply(int sd,u32 *Buffer, u32 length);
      ^~~~~~~~~
../src/echo2.c: In function 'ReadExtTemp':
../src/echo2.c:3720:68: warning: passing argument 4 of 'read_SC' discards 'volatile' qualifier from pointer target type [-Wdiscarded-qualifiers]
          read_data=read_SC( GBL_CFG_RUN, register_data, SourceAddr,DestinationBuffer,0 );
                                                                    ^~~~~~~~~~~~~~~~~
../src/echo2.c:2211:5: note: expected 'u32 * {aka long unsigned int *}' but argument is of type 'volatile u32 * {aka volatile long unsigned int *}'
 u32 read_SC( u32 address, u32 data, u32* SourceAddr,u32* DestinationBuffer, u8 verbose_mode )
     ^~~~~~~
../src/echo2.c:3723:59: warning: passing argument 4 of 'write_SC' discards 'volatile' qualifier from pointer target type [-Wdiscarded-qualifiers]
          write_SC( GBL_CFG_RUN, register_data, SourceAddr,DestinationBuffer,0 );
                                                           ^~~~~~~~~~~~~~~~~
../src/echo2.c:2203:6: note: expected 'u32 * {aka long unsigned int *}' but argument is of type 'volatile u32 * {aka volatile long unsigned int *}'
 void write_SC( u32 address, u32 data, u32* SourceAddr,u32* DestinationBuffer, u8 verbose_mode )
      ^~~~~~~~
../src/echo2.c:3725:64: warning: passing argument 4 of 'read_SC' discards 'volatile' qualifier from pointer target type [-Wdiscarded-qualifiers]
  read_data = read_SC( GBL_CFG_CTR_4, register_data, SourceAddr,DestinationBuffer,0 );
                                                                ^~~~~~~~~~~~~~~~~
../src/echo2.c:2211:5: note: expected 'u32 * {aka long unsigned int *}' but argument is of type 'volatile u32 * {aka volatile long unsigned int *}'
 u32 read_SC( u32 address, u32 data, u32* SourceAddr,u32* DestinationBuffer, u8 verbose_mode )
     ^~~~~~~
../src/echo2.c:3729:53: warning: passing argument 4 of 'write_SC' discards 'volatile' qualifier from pointer target type [-Wdiscarded-qualifiers]
  write_SC( GBL_CFG_CTR_4, register_data, SourceAddr,DestinationBuffer,0 );
                                                     ^~~~~~~~~~~~~~~~~
../src/echo2.c:2203:6: note: expected 'u32 * {aka long unsigned int *}' but argument is of type 'volatile u32 * {aka volatile long unsigned int *}'
 void write_SC( u32 address, u32 data, u32* SourceAddr,u32* DestinationBuffer, u8 verbose_mode )
      ^~~~~~~~
../src/echo2.c:3733:20: warning: passing argument 2 of 'SendReply' from incompatible pointer type [-Wincompatible-pointer-types]
       SendReply(sd,BV,2);
                    ^~
../src/echo2.c:148:6: note: expected 'u32 * {aka long unsigned int *}' but argument is of type 'u16 * {aka short unsigned int *}'
 void SendReply(int sd,u32 *Buffer, u32 length);
      ^~~~~~~~~
../src/echo2.c: At top level:
../src/echo2.c:3749:1: warning: return type defaults to 'int' [-Wimplicit-int]
 Read_DPATaps(int sd)
 ^~~~~~~~~~~~
../src/echo2.c:3749:1: warning: conflicting types for 'Read_DPATaps'
../src/echo2.c:159:6: note: previous declaration of 'Read_DPATaps' was here
 void Read_DPATaps(int sd);
      ^~~~~~~~~~~~
../src/echo2.c: In function 'Read_DPATaps':
../src/echo2.c:3758:19: warning: passing argument 2 of 'SendReply' discards 'volatile' qualifier from pointer target type [-Wdiscarded-qualifiers]
     SendReply(sd, DestinationBuffer,2*4);
                   ^~~~~~~~~~~~~~~~~
../src/echo2.c:3737:6: note: expected 'u32 * {aka long unsigned int *}' but argument is of type 'volatile u32 * {aka volatile long unsigned int *}'
 void SendReply(int sd, u32 *Buffer, u32 length)
      ^~~~~~~~~
../src/echo2.c: In function 'set_trigger_controller':
../src/echo2.c:3882:6: warning: variable 'SOT_data_out' set but not used [-Wunused-but-set-variable]
  u32 SOT_data_out;
      ^~~~~~~~~~~~
../src/echo2.c: In function 'Set_trigger_DPA_taps':
../src/echo2.c:3973:14: warning: unused variable 'i' [-Wunused-variable]
           u8 i;
              ^
../src/echo2.c: In function 'DPA_Soft':
../src/echo2.c:4070:6: warning: unused variable 'mdata' [-Wunused-variable]
  u32 mdata;
      ^~~~~
../src/echo2.c: In function 'process_echo_request':
../src/echo2.c:4164:13: warning: assignment discards 'volatile' qualifier from pointer target type [-Wdiscarded-qualifiers]
   SourceAddr= SourceBuffer;
             ^
../src/echo2.c: In function 'echo_application_thread':
../src/echo2.c:4200:28: warning: passing argument 2 of 'sys_thread_new' from incompatible pointer type [-Wincompatible-pointer-types]
    sys_thread_new("echos", process_echo_request,
                            ^~~~~~~~~~~~~~~~~~~~
In file included from ../../ME0_bsp/microblaze_0/include/netif/xadapter.h:46:0,
                 from ../src/echo2.c:37:
../../ME0_bsp/microblaze_0/include/lwip/sys.h:230:14: note: expected 'lwip_thread_fn {aka void (*)(void *)}' but argument is of type 'void (*)(void *, XLlFifo *) {aka void (*)(void *, struct XLlFifo *)}'
 sys_thread_t sys_thread_new(const char *name, lwip_thread_fn thread, void *arg, int stacksize, int prio);
              ^~~~~~~~~~~~~~
../src/echo2.c: In function 'Initialize_FIFO':
../src/echo2.c:417:1: warning: control reaches end of non-void function [-Wreturn-type]
 }
 ^
../src/echo2.c: In function 'send_sync_command':
../src/echo2.c:522:8: warning: 'Status2' may be used uninitialized in this function [-Wmaybe-uninitialized]
 return Status2;
        ^~~~~~~
../src/echo2.c: In function 'decode_receive_packet':
../src/echo2.c:1256:12: warning: 'register_data' may be used uninitialized in this function [-Wmaybe-uninitialized]
            read_SC( register_address, register_data, SourceAddr,DestinationBuffer, verbose_mode );
            ^~~~~~~~~~~~~~~~~~~~~~~~~~~~~~~~~~~~~~~~~~~~~~~~~~~~~~~~~~~~~~~~~~~~~~~~~~~~~~~~~~~~~~
'Finished building: ../src/echo2.c'
' '
'Building target: ME0.elf'
'Invoking: MicroBlaze gcc linker'
mb-gcc -Wl,-T -Wl,../src/lscript.ld -L../../ME0_bsp/microblaze_0/lib -mlittle-endian -mxl-barrel-shift -mxl-pattern-compare -mno-xl-soft-div -mcpu=v10.0 -mno-xl-soft-mul -mxl-multiply-high -mhard-float -mxl-float-convert -mxl-float-sqrt -Wl,--no-relax -Wl,--gc-sections -o "ME0.elf"  ./src/echo2.o ./src/iic_phyreset.o ./src/main.o   -Wl,--start-group,-lxil,-lfreertos,-lgcc,-lc,--end-group -Wl,--start-group,-lxil,-llwip4,-lgcc,-lc,--end-group
'Finished building target: ME0.elf'
' '
'Invoking: MicroBlaze Print Size'
mb-size ME0.elf  |tee "ME0.elf.size"
   text	   data	    bss	    dec	    hex	filename
 199073	   1688	2025103	2225864	 21f6c8	ME0.elf
'Finished building: ME0.elf.size'
' '

09:57:30 Build Finished (took 3s.30ms)

